// Jest Snapshot v1, https://goo.gl/fbAQLP

exports[`Meshok works 1`] = `

<ul>
  <li>
    <label>
      Hello World!!!
    </label>
    <ul>
      <li>
        <label>
          Foo
        </label>
        <ul>
          <li>
            <label>
              Hello World!!!
            </label>
          </li>
        </ul>
      </li>
      <li>
        <label>
          Baz
        </label>
      </li>
    </ul>
  </li>
</ul>

`;
